0 verbose cli C:\Program Files\nodejs\node.exe C:\Program Files\nodejs\node_modules\npm\bin\npm-cli.js
1 info using npm@11.5.1
2 info using node@v24.6.0
3 silly config load:file:C:\Program Files\nodejs\node_modules\npm\npmrc
4 silly config load:file:C:\ctr\.npmrc
5 silly config load:file:C:\Users\Elitebook\.npmrc
6 silly config load:file:C:\ctr\%USERPROFILE%\AppData\Roaming\npm\etc\npmrc
7 verbose title npm run build
8 verbose argv "run" "build"
9 verbose logfile logs-max:10 dir:C:\ctr\%USERPROFILE%\AppData\Local\npm-cache\_logs\2026-06-01T00_27_25_761Z-
10 verbose logfile C:\ctr\%USERPROFILE%\AppData\Local\npm-cache\_logs\2026-06-01T00_27_25_761Z-debug-0.log
11 silly logfile done cleaning log files
12 http fetch GET 200 https://registry.npmjs.org/npm 1615ms
13 verbose cwd C:\ctr
14 verbose os Windows_NT 10.0.26200
15 verbose node v24.6.0
16 verbose npm  v11.5.1
17 notice
17 notice New [33mminor[39m version of npm available! [33m11.5.1[39m -> [34m11.16.0[39m
17 notice Changelog: [34mhttps://github.com/npm/cli/releases/tag/v11.16.0[39m
17 notice To update run: [4mnpm install -g npm@11.16.0[24m
17 notice  { force: true, Symbol(proc-log.meta): true }
18 verbose exit 1
19 verbose code 1
