0 verbose cli C:\Program Files\nodejs\node.exe C:\Program Files\nodejs\node_modules\npm\bin\npm-cli.js
1 info using npm@11.5.1
2 info using node@v24.6.0
3 silly config load:file:C:\Program Files\nodejs\node_modules\npm\npmrc
4 silly config load:file:C:\ctr\.npmrc
5 silly config load:file:C:\Users\Elitebook\.npmrc
6 silly config load:file:C:\ctr\%USERPROFILE%\AppData\Roaming\npm\etc\npmrc
7 verbose title npm run build
8 verbose argv "run" "build"
9 verbose logfile logs-max:10 dir:C:\ctr\%USERPROFILE%\AppData\Local\npm-cache\_logs\2026-06-29T11_37_48_866Z-
10 verbose logfile C:\ctr\%USERPROFILE%\AppData\Local\npm-cache\_logs\2026-06-29T11_37_48_866Z-debug-0.log
11 silly logfile done cleaning log files
12 http fetch GET https://registry.npmjs.org/npm attempt 1 failed with ENOENT
13 http fetch GET https://registry.npmjs.org/npm attempt 2 failed with ENOENT
14 verbose cwd C:\ctr
15 verbose os Windows_NT 10.0.26200
16 verbose node v24.6.0
17 verbose npm  v11.5.1
18 verbose exit 0
19 info ok
